[    0.000000] Linux version 4.15.0-124-generic (buildd@lgw01-amd64-029) (gcc version 7.5.0 (Ubuntu 7.5.0-3ubuntu1~18.04)) #127-Ubuntu SMP Fri Nov 6 10:54:43 UTC 2020 (Ubuntu 4.15.0-124.127-generic 4.15.18)
[    0.000000] Command line: BOOT_IMAGE=/boot/vmlinuz-4.15.0-124-generic root=LABEL=cloudimg-rootfs ro console=tty1 console=ttyS0
[    0.000000] KERNEL supported cpus:
[    0.000000]   Intel GenuineIntel
[    0.000000]   AMD AuthenticAMD
[    0.000000]   Centaur CentaurHauls
[    0.000000] x86/fpu: Supporting XSAVE feature 0x001: 'x87 floating point registers'
[    0.000000] x86/fpu: Supporting XSAVE feature 0x002: 'SSE registers'
[    0.000000] x86/fpu: Supporting XSAVE feature 0x004: 'AVX registers'
[    0.000000] x86/fpu: xstate_offset[2]:  576, xstate_sizes[2]:  256
[    0.000000] x86/fpu: Enabled xstate features 0x7, context size is 832 bytes, using 'standard' format.
[    0.000000] e820: BIOS-provided physical RAM map:
[    0.000000] BIOS-e820: [mem 0x0000000000000000-0x000000000009fbff] usable
[    0.000000] BIOS-e820: [mem 0x000000000009fc00-0x000000000009ffff] reserved
[    0.000000] BIOS-e820: [mem 0x00000000000f0000-0x00000000000fffff] reserved
[    0.000000] BIOS-e820: [mem 0x0000000000100000-0x00000000dffeffff] usable
[    0.000000] BIOS-e820: [mem 0x00000000dfff0000-0x00000000dfffffff] ACPI data
[    0.000000] BIOS-e820: [mem 0x00000000fec00000-0x00000000fec00fff] reserved
[    0.000000] BIOS-e820: [mem 0x00000000fee00000-0x00000000fee00fff] reserved
[    0.000000] BIOS-e820: [mem 0x00000000fffc0000-0x00000000ffffffff] reserved
[    0.000000] BIOS-e820: [mem 0x0000000100000000-0x00000009e3ffffff] usable
[    0.000000] NX (Execute Disable) protection: active
[    0.000000] SMBIOS 2.5 present.
[    0.000000] DMI: innotek GmbH VirtualBox/VirtualBox, BIOS VirtualBox 12/01/2006
[    0.000000] Hypervisor detected: KVM
[    0.000000] e820: last_pfn = 0x9e4000 max_arch_pfn = 0x400000000
[    0.000000] MTRR: Disabled
[    0.000000] x86/PAT: MTRRs disabled, skipping PAT initialization too.
[    0.000000] CPU MTRRs all blank - virtualized system.
[    0.000000] x86/PAT: Configuration [0-7]: WB  WT  UC- UC  WB  WT  UC- UC  
[    0.000000] e820: last_pfn = 0xdfff0 max_arch_pfn = 0x400000000
[    0.000000] found SMP MP-table at [mem 0x0009fff0-0x0009ffff]
[    0.000000] Scanning 1 areas for low memory corruption
[    0.000000] RAMDISK: [mem 0x35a65000-0x36d29fff]
[    0.000000] ACPI: Early table checksum verification disabled
[    0.000000] ACPI: RSDP 0x00000000000E0000 000024 (v02 VBOX  )
[    0.000000] ACPI: XSDT 0x00000000DFFF0030 00003C (v01 VBOX   VBOXXSDT 00000001 ASL  00000061)
[    0.000000] ACPI: FACP 0x00000000DFFF00F0 0000F4 (v04 VBOX   VBOXFACP 00000001 ASL  00000061)
[   .00000] ACPI: DSDT 0x00000000DFFF0490 0021 (02 VBOX   VBOXBIOS 00000002 INTL 2018010
    0.0000] ACPI: FACS 0x000000DFFF020 000040
[    0.000000] ACPI: FACS 0x00000000DFFF0200 000040
[    0.000000] ACPI: APIC 0x00000000DFFF0240 00007C (v02 VBOX   VBOXAPIC 00000001 ASL  00000061)
[    0.000000] ACPI: SSDT 0x00000000DFFF02C0 0001CC (v01 VBOX   VBOXCPUT 00000002 INTL 20180105)
[    0.000000] No NUMA configuration found
[    0.000000] Faking a node at [mem 0x0000000000000000-0x00000009e3ffffff]
[    0.000000] NODE_DATA(0) allocated [mem 0x9e3fb2000-0x9e3fdcfff]
[    0.000000] kvm-clock: cpu 0, msr 9:e3f31001, primary cpu clock
[    0.000000] kvm-clock: Using msrs 4b564d01 and 4b564d00
[    0.000000] kvm-clock: using sched offset of 3065331277 cycles
[    0.000000] clocksource: kvm-clock: mask: 0xffffffffffffffff max_cycles: 0x1cd42e4dffb, max_idle_ns: 881590591483 ns
[    0.000000] Zone ranges:
[    0.000000]   DMA      [mem 0x0000000000001000-0x0000000000ffffff]
[    0.000000]   DMA32    [mem 0x0000000001000000-0x00000000ffffffff]
[    0.000000]   Normal   [mem 0x0000000100000000-0x00000009e3ffffff]
[    0.000000]   Device   empty
[    0.000000] Movable zone start for each node
[    0.000000] Early memory node ranges
[    0.000000]   node   0: [mem 0x0000000000001000-0x000000000009efff]
[    0.000000]   node   0: [mem 0x0000000000100000-0x00000000dffeffff]
[    0.000000]   node   0: [mem 0x0000000100000000-0x00000009e3ffffff]
[    0.000000] Reserved but unavailable: 98 pages
[    0.000000] Initmem setup node 0 [mem 0x0000000000001000-0x00000009e3ffffff]
[    0.000000] ACPI: PM-Timer IO Port: 0x4008
[    0.000000] IOAPIC[0]: apic_id 6, version 32, address 0xfec00000, GSI 0-23
[    0.000000] ACPI: INT_SRC_OVR (bus 0 bus_irq 0 global_irq 2 dfl dfl)
[    0.000000] ACPI: INT_SRC_OVR (bus 0 bus_irq 9 global_irq 9 low level)
[    0.000000] Using ACPI (MADT) for SMP configuration information
[    0.000000] smpboot: Allowing 6 CPUs, 0 hotplug CPUs
[    0.000000] PM: Registered nosave memory: [mem 0x00000000-0x00000fff]
[    0.000000] PM: Registered nosave memory: [mem 0x0009f000-0x0009ffff]
[    0.000000] PM: Registered nosave memory: [mem 0x000a0000-0x000effff]
[    0.000000] PM: Registered nosave memory: [mem 0x000f0000-0x000fffff]
[    0.000000] PM: Registered nosave memory: [mem 0xdfff0000-0xdfffffff]
[    0.000000] PM: Registered nosave memory: [mem 0xe0000000-0xfebfffff]
[    0.000000] PM: Registered nosave memory: [mem 0xfec00000-0xfec00fff]
[    0.000000] PM: Registered nosave memory: [mem 0xfec01000-0xfedfffff]
[    0.000000] PM: Registered nosave memory: [mem 0xfee00000-0xfee00fff]
[    0.000000] PM: Registered nosave memory: [mem 0xfee01000-0xfffbffff]
[    0.000000] PM: Registered nosave memory: [mem 0xfffc0000-0xffffffff]
[    0.000000] e820: [mem 0xe0000000-0xfebfffff] available for PCI devices
[    0.000000] Booting paravirtualized kernel on KVM
[    0.000000] clocksource: refined-jiffies: mask: 0xffffffff max_cycles: 0xffffffff, max_idle_ns: 7645519600211568 ns
[    0.000000] random: get_random_bytes called from start_kernel+0x99/0x500 with crng_init=0
[    0.000000] setup_percpu: NR_CPUS:8192 nr_cpumask_bits:6 nr_cpu_ids:6 nr_node_ids:1
[    0.000000] percpu: Embedded 45 pages/cpu s147456 r8192 d28672 u262144
[    0.000000] PV qspinlock hash table entries: 256 (order: 0, 4096 bytes)
[    0.000000] Built 1 zonelists, mobility grouping on.  Total pages: 10079865
[    0.000000] Policy zone: Normal
[    0.000000] Kernel command line: BOOT_IMAGE=/boot/vmlinuz-4.15.0-124-generic root=LABEL=cloudimg-rootfs ro console=tty1 console=ttyS0
[    0.000000] Memory: 40202988K/40959544K available (12300K kernel code, 2482K rwdata, 4272K rodata, 2436K init, 2724K bss, 756556K reserved, 0K cma-reserved)
[    0.000000] SLUB: HWalign=64, Order=0-3, MinObjects=0, CPUs=6, Nodes=1
[    0.000000] Kernel/User page tables isolation: enabled
[    0.000000] ftrace: allocating 39402 entries in 154 pages
[    0.004000] Hierarchical RCU implementation.
[    0.004000] 	RCU restricting CPUs from NR_CPUS=8192 to nr_cpu_ids=6.
[    0.004000] 	Tasks RCU enabled.
[    0.004000] RCU: Adjusting geometry for rcu_fanout_leaf=16, nr_cpu_ids=6
[    0.004000] NR_IRQS: 524544, nr_irqs: 472, preallocated irqs: 16
[    0.004000] Console: colour VGA+ 80x25
[    0.004000] console [tty1] enabled
[    0.004000] console [ttyS0] enabled
[    0.004000] ACPI: Core revision 20170831
[    0.004000] ACPI: 2 ACPI AML tables successfully acquired and loaded
[    0.004000] APIC: Switch to symmetric I/O mode setup
[    0.004000] x2apic enabled
[    0.004000] Switched APIC routing to physical x2apic.
[    0.004000] ..TIMER: vector=0x30 apic1=0 pin1=2 apic2=-1 pin2=-1
[    0.004000] tsc: Detected 3696.000 MHz processor
[    0.004000] Calibrating delay loop (skipped) preset value.. 7392.00 BogoMIPS (lpj=14784000)
[    0.004000] pid_max: default: 32768 minimum: 301
[    0.004022] Security Framework initialized
[    0.004416] Yama: becoming mindful.
[    0.004774] AppArmor: AppArmor initialized
[    0.016885] Dentry cache hash table entries: 8388608 (order: 14, 67108864 bytes)
[    0.023044] Inode-cache hash table entries: 4194304 (order: 13, 33554432 bytes)
[    0.024320] Mount-cache hash table entries: 131072 (order: 8, 1048576 bytes)
[    0.025015] Mountpoint-cache hash table entries: 131072 (order: 8, 1048576 bytes)
[    0.025896] Last level iTLB entries: 4KB 64, 2MB 8, 4MB 8
[    0.026396] Last level dTLB entries: 4KB 64, 2MB 0, 4MB 0, 1GB 4
[    0.026940] Spectre V1 : Mitigation: usercopy/swapgs barriers and __user pointer sanitization
[    0.028002] Spectre V2 : Mitigation: Full generic retpoline
[    0.028510] Spectre V2 : Spectre v2 / SpectreRSB mitigation: Filling RSB on context switch
[    0.029267] Speculative Store Bypass: Vulnerable
[    0.029730] SRBDS: Unknown: Dependent on hypervisor status
[    0.030232] MDS: Mitigation: Clear CPU buffers
[    0.030759] Freeing SMP alternatives memory: 36K
[    0.140998] smpboot: CPU0: Intel(R) Core(TM) i7-8700K CPU @ 3.70GHz (family: 0x6, model: 0x9e, stepping: 0xa)
[    0.141945] Performance Events: unsupported p6 CPU model 158 no PMU driver, software events only.
[    0.142784] Hierarchical SRCU implementation.
[    0.143695] NMI watchdog: Perf event create on CPU 0 failed with -2
[    0.144000] NMI watchdog: Perf NMI watchdog permanently disabled
[    0.144000] smp: Bringing up secondary CPUs ...
[    0.144044] x86: Booting SMP configuration:
[    0.144451] .... node  #0, CPUs:      #1
[    0.004000] kvm-clock: cpu 1, msr 9:e3f31041, secondary cpu clock
[    0.147357]  #2
[    0.004000] kvm-clock: cpu 2, msr 9:e3f31081, secondary cpu clock
[    0.150671]  #3
[    0.004000] kvm-clock: cpu 3, msr 9:e3f310c1, secondary cpu clock
[    0.152044]  #4
[    0.004000] kvm-clock: cpu 4, msr 9:e3f31101, secondary cpu clock
[    0.156044]  #5
[    0.004000] kvm-clock: cpu 5, msr 9:e3f31141, secondary cpu clock
[    0.158771] smp: Brought up 1 node, 6 CPUs
[    0.160002] smpboot: Max logical packages: 1
[    0.160412] smpboot: Total of 6 processors activated (44352.00 BogoMIPS)
[    0.161869] devtmpfs: initialized
[    0.161869] x86/mm: Memory block size: 128MB
[    0.164344] evm: security.selinux
[    0.164688] evm: security.SMACK64
[    0.165019] evm: security.SMACK64EXEC
[    0.165378] evm: security.SMACK64TRANSMUTE
[    0.165776] evm: security.SMACK64MMAP
[    0.166135] evm: security.apparmor
[    0.166472] evm: security.ima
[    0.166781] evm: security.capability
[    0.167153] clocksource: jiffies: mask: 0xffffffff max_cycles: 0xffffffff, max_idle_ns: 7645041785100000 ns
[    0.168006] futex hash table entries: 2048 (order: 5, 131072 bytes)
[    0.168664] pinctrl core: initialized pinctrl subsystem
[    0.169210] RTC time:  1:20:08, date: 12/11/20
[    0.169894] NET: Registered protocol family 16
[    0.170360] audit: initializing netlink subsys (disabled)
[    0.170889] audit: type=2000 audit(1607649612.741:1): state=initialized audit_enabled=0 res=1
[    0.170889] cpuidle: using governor ladder
[    0.172005] cpuidle: using governor menu
[    0.172416] ACPI: bus type PCI registered
[    0.172807] acpiphp: ACPI Hot Plug PCI Controller Driver version: 0.5
[    0.173441] PCI: Using configuration type 1 for base access
[    0.173974] HugeTLB registered 2.00 MiB page size, pre-allocated 0 pages
[    0.176334] ACPI: Added _OSI(Module Device)
[    0.176468] ACPI: Added _OSI(Processor Device)
[    0.176890] ACPI: Added _OSI(3.0 _SCP Extensions)
[    0.177339] ACPI: Added _OSI(Processor Aggregator Device)
[    0.177838] ACPI: Added _OSI(Linux-Dell-Video)
[    0.178266] ACPI: Added _OSI(Linux-Lenovo-NV-HDMI-Audio)
[    0.178759] ACPI: Added _OSI(Linux-HPI-Hybrid-Graphics)
[    0.179462] ACPI: Executed 1 blocks of module-level executable AML code
[    0.181899] ACPI: Interpreter enabled
[    0.182272] ACPI: (supports S0 S5)
[    0.182617] ACPI: Using IOAPIC for interrupt routing
[    0.184134] PCI: Using host bridge windows from ACPI; if necessary, use "pci=nocrs" and report a bug
[    0.185069] ACPI: Enabled 2 GPEs in block 00 to 07
[    0.189555] ACPI: PCI Root Bridge [PCI0] (domain 0000 [bus 00-ff])
[    0.190124] acpi PNP0A03:00: _OSC: OS supports [ASPM ClockPM Segments MSI]
[    0.190753] acpi PNP0A03:00: _OSC: not requesting OS control; OS requires [ExtendedConfig ASPM ClockPM MSI]
[    0.192000] acpi PNP0A03:00: fail to add MMCONFIG information, can't access extended PCI configuration space under this bridge.
[    0.192190] PCI host bridge to bus 0000:00
[    0.192590] pci_bus 0000:00: root bus resource [io  0x0000-0x0cf7 window]
[    0.193201] pci_bus 0000:00: root bus resource [io  0x0d00-0xffff window]
[    0.193826] pci_bus 0000:00: root bus resource [mem 0x000a0000-0x000bffff window]
[    0.196006] pci_bus 0000:00: root bus resource [mem 0xe0000000-0xfdffffff window]
[    0.196716] pci_bus 0000:00: root bus resource [bus 00-ff]
[    0.198291] pci 0000:00:01.1: legacy IDE quirk: reg 0x10: [io  0x01f0-0x01f7]
[    0.198943] pci 0000:00:01.1: legacy IDE quirk: reg 0x14: [io  0x03f6]
[    0.199536] pci 0000:00:01.1: legacy IDE quirk: reg 0x18: [io  0x0170-0x0177]
[    0.200001] pci 0000:00:01.1: legacy IDE quirk: reg 0x1c: [io  0x0376]
[    0.413046] pci 0000:00:07.0: quirk: [io  0x4000-0x403f] claimed by PIIX4 ACPI
[    0.620010] pci 0000:00:07.0: quirk: [io  0x4100-0x410f] claimed by PIIX4 SMB
[    0.892978] ACPI: PCI Interrupt Link [LNKA] (IRQs 5 9 10 *11)
[    1.056187] ACPI: PCI Interrupt Link [LNKB] (IRQs 5 9 *10 11)
[    1.208070] ACPI: PCI Interrupt Link [LNKC] (IRQs 5 *9 10 11)
[    1.252095] ACPI: PCI Interrupt Link [LNKD] (IRQs 5 9 10 *11)
[    1.252941] SCSI subsystem initialized
[    1.253345] pci 0000:00:02.0: vgaarb: setting as boot VGA device
[    1.253345] pci 0000:00:02.0: vgaarb: VGA device added: decodes=io+mem,owns=io+mem,locks=none
[    1.253391] pci 0000:00:02.0: vgaarb: bridge control possible
[    1.256002] vgaarb: loaded
[    1.256310] ACPI: bus type USB registered
[    1.260017] usbcore: registered new interface driver usbfs
[    1.260565] usbcore: registered new interface driver hub
[    1.261114] usbcore: registered new device driver usb
[    1.264032] EDAC MC: Ver: 3.0.0
[    1.264508] PCI: Using ACPI for IRQ routing
[    1.264647] NetLabel: Initializing
[    1.265031] NetLabel:  domain hash size = 128
[    1.265504] NetLabel:  protocols = UNLABELED CIPSOv4 CALIPSO
[    1.266101] NetLabel:  unlabeled traffic allowed by default
[    1.268061] clocksource: Switched to clocksource kvm-clock
[    1.277420] VFS: Disk quotas dquot_6.6.0
[    1.277842] VFS: Dquot-cache hash table entries: 512 (order 0, 4096 bytes)
[    1.278542] AppArmor: AppArmor Filesystem Enabled
[    1.279015] pnp: PnP ACPI init
[    1.279895] pnp: PnP ACPI: found 3 devices
[    1.287226] clocksource: acpi_pm: mask: 0xffffff max_cycles: 0xffffff, max_idle_ns: 2085701024 ns
[    1.288093] NET: Registered protocol family 2
[    1.289170] TCP established hash table entries: 524288 (order: 10, 4194304 bytes)
[    1.290172] TCP bind hash table entries: 65536 (order: 8, 1048576 bytes)
[    1.291130] TCP: Hash tables configured (established 524288 bind 65536)
[    1.291769] UDP hash table entries: 32768 (order: 8, 1048576 bytes)
[    1.292438] UDP-Lite hash table entries: 32768 (order: 8, 1048576 bytes)
[    1.293388] NET: Registered protocol family 1
[    1.293819] pci 0000:00:00.0: Limiting direct PCI/PCI transfers
[    1.294385] pci 0000:00:01.0: Activating ISA DMA hang workarounds
[    1.294971] pci 0000:00:02.0: Video device with shadowed ROM at [mem 0x000c0000-0x000dffff]
[    1.295802] Unpacking initramfs...
[  1670]reng initrmery190K[  1486]CIMAUsg ftreoue ffinfor IO (SWIOTLB)
[    2.370451] software IO TLB: mapped [mem 0xdbff0000-0xdfff0000] (64MB)
[    2.371147] clocksource: tsc: mask: 0xffffffffffffffff max_cycles: 0x6a8d280fdb9, max_idle_ns: 881591151302 ns
[    2.372097] platform rtc_cmos: registered platform RTC device (no PNP device found)
[    2.372823] Scanning for low memory corruption every 60 seconds
[    2.373796] Initialise system trusted keyrings
[    2.374258] Key type blacklist registered
[    2.375390] workingset: timestamp_bits=36 max_order=24 bucket_order=0
[    2.377530] zbud: loaded
[    2.378591] squashfs: version 4.0 (2009/01/31) Phillip Lougher
[    2.379302] fuse init (API version 7.26)
[    2.382247] Key type asymmetric registered
[    2.382646] Asymmetric key parser 'x509' registered
[    2.383124] Block layer SCSI generic (bsg) driver version 0.4 loaded (major 246)

[    2.383876] io scheduler noop registered
[    2.384273] io scheduler deadline registered
[    2.384703] io scheduler cfq registered (default)
[    2.385443] ACPI: AC Adapter [AC] (on-line)
[    2.385879] input: Power Button as /devices/LNXSYSTM:00/LNXPWRBN:00/input/input0
[    2.388506] ACPI: Power Button [PWRF]
[    2.388903] input: Sleep Button as /devices/LNXSYSTM:00/LNXSLPBN:00/input/input1
[    2.389603] ACPI: Sleep Button [SLPF]
[    2.390218] Serial: 8250/16550 driver, 32 ports, IRQ sharing enabled
[  2412013002:ty0 at I/O 0x3f8 (irq = 4,asba =115200) is a 16550A
[    2.913386] Linux agpgart interface v0.103
[  3361]oo mulloed[  3590] scsi host0: ata_piix

[    3.485578] scsi host1: ata_piix
[    3.485924] ata1: PATA max UDMA/33 cmd 0x1f0 ctl 0x3f6 bmdma 0xd000 irq 14
[    3.486551] ata2: PATA max UDMA/33 cmd 0x170 ctl 0x376 bmdma 0xd008 irq 15
[    3.487224] libphy: Fixed MDIO Bus: probed
[    3.487648] tun: Universal TUN/TAP device driver, 1.6
[    3.488161] PPP generic driver version 2.4.2
[    3.488597] ehci_hcd: USB 2.0 'Enhanced' Host Controller (EHCI) Driver
[    3.489192] ehci-pci: EHCI PCI platform driver
[    3.489624] ehci-platform: EHCI generic platform driver
[    3.490115] ohci_hcd: USB 1.1 'Open' Host Controller (OHCI) Driver
[    3.490683] ohci-pci: OHCI PCI platform driver
[    3.491110] ohci-platform: OHCI generic platform driver
[    3.491598] uhci_hcd: USB Universal Host Controller Interface driver
[    3.492223] i8042: PNP: PS/2 Controller [PNP0303:PS2K,PNP0f03:PS2M] at 0x60,0x64 irq 1,12
[    3.493348] serio: i8042 KBD port at 0x60,0x64 irq 1
[    3.493826] serio: i8042 AUX port at 0x60,0x64 irq 12[  33057] mousedev: PS/2 mouse device common forllic

[    3.863766] rtc_cmos rtc_cmos: rtc core: registered rtc_cmos as rtc0
[    4.038448] rtc_cmos rtc_cmos: alarms up to one day, 114 bytes nvram
[    4.039042] i2c /dev entries driver
[    4.039440] device-mapper: uevent: version 1.0.3
[    4.039901] input: AT Translated Set 2 keyboard as /devices/platform/i8042/serio0/input/input2
[    4.040845] device-mapper: ioctl: 4.37.0-ioctl (2017-09-20) initialised: dm-devel@redhat.com
[    4.041856] ledtrig-cpu: registered to indicate activity on CPUs
[    4.063919] NET: Registered protocol family 10
[    4.208324] Segment Routing with IPv6
[    4.323523] NET: Registered protocol family 17
[    4.457119] Key type dns_resolver registered
[    4.574143] mce: Using 0 MCE banks
[    4.574510] RAS: Correctable Errors collector initialized.
[    4.575036] sched_clock: Marking stable (4574092424, 0)->(5843560113, -1269467689)
[    4.576132] registered taskstats version 1
[    4.576544] Loading compiled-in X.509 certificates
[    4.578724] Loaded X.509 cert 'Build time autogenerated kernel key: be62403dcace2d46f96dafa9f42421c610ef3c2a'
[    4.579638] zswap: loaded using pool lzo/zbud
[    4.582760] Key type big_key registered
[    4.583146] Key type trusted registered
[    4.585030] Key type encrypted registered
[    4.585429] AppArmor: AppArmor sha1 policy hashing enabled
[    4.585942] ima: No TPM chip found, activating TPM-bypass! (rc=-19)
[    4.591775] ima: Allocated hash algorithm: sha1
[    4.592237] evm: HMAC attrs: 0x1
[    4.592685]   Magic number: 0:238:306
[    4.593067] tty tty35: hash matches
[    4.593443] memory memory164: hash matches
[    4.593896] rtc_cmos rtc_cmos: setting system clock to 2020-12-11 01:20:12 UTC (1607649612)
[    4.594863] BIOS EDD facility v0.16 2004-Jun-25, 0 devices found
[    4.595423] EDD information not available.
[    4.597510] Freeing unused kernel image memory: 2436K
[    4.620203] Write protecting the kernel read-only data: 20480k
[    4.795216] Freeing unused kernel image memory: 2008K
[    4.984539] Freeing unused kernel image memory: 1872K
[    5.180743] x86/mm: Checked W+X mappings: passed, no W+X pages found.
[    5.669603] x86/mm: Checking user space page tables
[    6.103697] x86/mm: Checked W+X mappings: passed, no W+X pages found.
Loading, please wait...
starting version 237
[    7.360660] e1000: Intel(R) PRO/1000 Network Driver - version 7.3.21-k8-NAPI
[    7.363139] e1000: Copyright (c) 1999-2006 Intel Corporation.
[    7.365414] Fusion MPT base driver 3.04.20
[    7.365836] Copyright (c) 1999-2008 LSI Corporation
[    7.368583] Fusion MPT SPI Host driver 3.04.20
[    7.370794] AVX2 version of gcm_enc/dec engaged.
[    7.371370] AES CTR mode by8 optimization enabled
[    7.574137] input: ImExPS/2 Generic Explorer Mouse as /devices/platform/i8042/serio1/input/input4
[    7.708026] e1000 0000:00:03.0 eth0: (PCI:33MHz:32-bit) 02:1d:48:b0:d5:b9
[    7.880591] e1000 0000:00:03.0 eth0: Intel(R) PRO/1000 Network Connection
[    7.882095] mptbase: ioc0: Initiating bringup
[    7.882539] e1000 0000:00:03.0 enp0s3: renamed from eth0
[    7.990248] ioc0: LSI53C1030 A0: Capabilities={Initiator}
[    8.990084] scsi host2: ioc0: LSI53C1030 A0, FwRev=00000000h, Ports=1, MaxQ=256, IRQ=20
[    9.642408] scsi 2:0:0:0: Direct-Access     VBOX     HARDDISK         1.0  PQ: 0 ANSI: 5
[   10.396277] scsi target2:0:0: Beginning Domain Validation
[   10.600638] scsi target2:0:0: Domain Validation skipping write tests
[   11.069550] scsi target2:0:0: Ending Domain Validation
[   11.070101] scsi target2:0:0: asynchronous
[   11.070805] scsi 2:0:1:0: Direct-Access     VBOX     HARDDISK         1.0  PQ: 0 ANSI: 5
[   11.359621] scsi target2:0:1: Beginning Domain Validation
[   11.670559] scsi target2:0:1: Domain Validation skipping write tests
[   12.290654] scsi target2:0:1: Ending Domain Validation
[   12.800045] scsi target2:0:1: asynchronous
[   13.271544] sd 2:0:0:0: Attached scsi generic sg0 type 0
[   13.952246] sd 2:0:0:0: [sda] 167772160 512-byte logical blocks: (85.9 GB/80.0 GiB)
[   13.952262] sd 2:0:1:0: Attached scsi generic sg1 type 0
[   14.560648] sd 2:0:0:0: [sda] Write Protect is off
[   14.560739] sd 2:0:1:0: [sdb] 20480 512-byte logical blocks: (10.5 MB/10.0 MiB)
[   14.562130] sd 2:0:1:0: [sdb] Write Protect is off
[   14.562143] sd 2:0:0:0: [sda] Incomplete mode parameter data
[   14.563341] sd 2:0:0:0: [sda] Assuming drive cache: write through
[   14.563401] sd 2:0:1:0: [sdb] Incomplete mode parameter data
[   14.564743] sd 2:0:1:0: [sdb] Assuming drive cache: write through
[   14.565812] random: fast init done
[   14.572428]  sda: sda1
[   14.572832] random: systemd-udevd: uninitialized urandom read (16 bytes read)
[   14.573047] sd 2:0:1:0: [sdb] Attached SCSI disk
[   14.573518] random: systemd-udevd: uninitialized urandom read (16 bytes read)
[   14.573526] random: systemd-udevd: uninitialized urandom read (16 bytes read)
[   14.574025] sd 2:0:0:0: [sda] Attached SCSI disk
Begin: Loading essential drivers ... [   15.920081] raid6: sse2x1   gen() 16657 MB/s
[   16.092078] raid6: sse2x1   xor() 12025 MB/s
[   16.260031] raid6: sse2x2   gen() 20262 MB/s
[   16.432066] raid6: sse2x2   xor() 13712 MB/s
[   16.604072] raid6: sse2x4   gen() 23261 MB/s
[   16.778656] raid6: sse2x4   xor() 15633 MB/s
[   16.827757] raid6: avx2x1   gen() 35176 MB/s
[   16.928067] raid6: avx2x1   xor() 21582 MB/s
[   17.104070] raid6: avx2x2   gen() 38291 MB/s
[   17.280034] raid6: avx2x2   xor() 24565 MB/s
[   17.452068] raid6: avx2x4   gen() 45146 MB/s
[   17.612068] raid6: avx2x4   xor() 26961 MB/s
[   17.612492] raid6: using algorithm avx2x4 gen() 45146 MB/s
[   17.612999] raid6: .... xor() 26961 MB/s, rmw enabled
[   17.613469] raid6: using avx2x2 recovery algorithm
[   17.614853] xor: automatically using best checksumming function   avx       
[   17.616208] async_tx: api initialized (async)
done.
Begin: Running /scripts/init-premount ... done.
Begin: Mounting root file system ... Begin: Running /scripts/local-top ... done.
Begin: Running /scripts/local-premount ... [   17.645413] Btrfs loaded, crc32c=crc32c-intel
Scanning for Btrfs filesystems
done.
Warning: fsck not present, so skipping root file system
[   17.670546] EXT4-fs (sda1): mounted filesystem with ordered data mode. Opts: (null)
done.
Begin: Running /scripts/local-bottom ... done.
Begin: Running /scripts/init-bottom ... done.
[   17.868508] ip_tables: (C) 2000-2006 Netfilter Core Team
[   17.875016] systemd[1]: systemd 237 running in system mode. (+PAM +AUDIT +SELINUX +IMA +APPARMOR +SMACK +SYSVINIT +UTMP +LIBCRYPTSETUP +GCRYPT +GNUTLS +ACL +XZ +LZ4 +SECCOMP +BLKID +ELFUTILS +KMOD -IDN2 +IDN -PCRE2 default-hierarchy=hybrid)
[   19.339970] systemd[1]: Detected virtualization oracle.
[   19.747442] systemd[1]: Detected architecture x86-64.

Welcome to [1mUbuntu 18.04.5 LTS[0m!

[   20.136366] systemd[1]: Set hostname to <ubuntu-bionic>.
[   22.771371] systemd[1]: Reached target User and Group Name Lookups.
[[0;32m  OK  [0m] Reached target User and Group Name Lookups.
[   23.296238] systemd[1]: Reached target Swap.
[[0;32m  OK  [0m] Reached target Swap.
[   23.451908] systemd[1]: Created slice System Slice.
[[0;32m  OK  [0m] Created slice System Slice.
[   23.452847] systemd[1]: Listening on Journal Socket.
[[0;32m  OK  [0m] Listening on Journal Socket.
[   23.460670] systemd[1]: Starting Load Kernel Modules...
         Starting Load Kernel Modules...
[   23.462044] systemd[1]: Mounting POSIX Message Queue File System...
         Mounting POSIX Message Queue File System...
[   23.463553] systemd[1]: Mounting Kernel Debug File System...
         Mounting Kernel Debug File System...
[   23.464509] systemd[1]: Listening on LVM2 poll daemon socket.
[[0;32m  OK  [0m] Listening on LVM2 poll daemon socket.
[   23.465976] systemd[1]: Starting Set the console keyboard layout...
         Starting Set the console keyboard layout...
[   23.467163] systemd[1]: Listening on Journal Socket (/dev/log).
[[0;32m  OK  [0m] Listening on Journal Socket (/dev/log).
[   23.468230] systemd[1]: Listening on udev Kernel Socket.
[[0;32m  OK  [0m] Listening on udev Kernel Socket.
[[0;32m  OK  [0m] Listening on udev Control Socket.
[[0;32m  OK  [0m] Set up automount Arbitrary Executabâ€¦rmats File System Automount Point.
         Mountin[   23.492907] Loading iSCSI transport class v2.0-870.
g Huge Pages File System...
         Starting Create list of required stâ€¦ce nodes for the current kernel...
[[0;32m  OK  [0m] Listening on Device-mapper event daemon FIFOs.
[[0;32m  OK  [0m] Listening on LVM2 metadata daemon socket.
         Starting Monitoring of LVM2 mirrorsâ€¦ng dmeventd or progress polling...
         Starting Uncomplicated firewall...
[[0;32m  OK  [0m] Listening on /dev/initctl Compatibility Named Pipe.
         Starting Remount Root and Kernel File Systems...
[[0;32m  OK  [0m] Created slice User and Session Slice.
[[0;32m  OK  [0m] Reached target Slices.
[[0;32m  OK  [[   23.665424] iscsi: registered transport (tcp)
0m] Listening on Syslog Socket.
[[0;32m  OK  [0m] Listening on Journal Audit Socket.
         Starting Journal Service...
[[0;32m  OK  [0m] Listening on Network Service Netlink Socket.
[[0;32m  OK  [0m] Created slice system-serial\x2dgetty.slice.
[[0;32m  OK  [0m] Reached target System Time Synchronized.
         Starting udev Coldplug all Devices...
[[0;32m  OK  [0m] Started Forward Password Requests to Wall Directory Watch.
[[0;32m  OK  [0m] Mounted POSIX Message Queue File System.
[[0;32m  OK  [0m] Mounted Kernel Debug File System.
[[0;32m  OK  [0m] Mounted Huge Pages File System.
[   23.677547] iscsi: registered transport (iser)
[[0;32m  OK  [0m] Started Load Kernel Modules.
         Mounting FUSE Control File System...
         Mounting Kernel Configuration File System...
         Starting Apply Kernel Variables...
[[0;32m  OK  [0m] Started Create list of required staâ€¦vice nodes for the current kernel.
[[0;32m  OK  [0m] Mounted FUSE Control File System.
[[0;32m  OK  [0m] Mounted Kernel Configuration File System.
         Starting Create Static Device Nodes in /dev...
[[0;32m  OK  [0m] Started LVM2 metadata daemon.
[[0;32m  OK  [0m] Started Uncomplicated firewall.
[[0;32m  OK  [0m] Started udev Coldplug all Devices.
[[0;32m  OK  [0m] Started Journal Service.
[[0;32m  OK  [0m] Started Create Static Device Nodes in /dev.
[[0;32m  OK  [0m] Started Remount Root and Kernel File Systems.
[[0;32m  OK  [0m] Started Set the console keyboard layout.
[[0;32m  OK  [0m] Started Monitoring of LVM2 mirrors,â€¦sing dmeventd or progress polling.
[[0;32m  OK  [0m] Started Apply Kernel Variables.
[[0;32m  OK  [0m] Reached target Local File Systems (Pre).
         Starting udev Kernel Device Manager...
[[0;32m  OK  [0m] Reached target Local File Systems.
         Starting AppArmor initialization...
         Starting Set console font and keymap...
         Starting Tell Plymouth To Write Out Runtime Data...
         Starting ebtables ruleset management...
         Starting Flush Journal to Persistent Storage...
         Starting Load/Save Random Seed...
[[0;32m  OK  [0m] Started udev Kernel Device Manager.
[[0;32m  OK  [0m] Started Set console font and keymap.
[[0;32m  OK  [0m] Started Tell Plymouth To Write Out Runtime Data.
[[0;32m  OK  [0m] Started Load/Save Random Seed.
[[0;32m  OK  [0m] Found device /dev/ttyS0.
[[0;32m  OK  [0m] Listening on Load/Save RF Kill Switch Status /dev/rfkill Watch.
[[0;32m  OK  [0m] Started Dispatch Password Requests to Console Directory Watch.
[[0;32m  OK  [0m] Reached target Local Encrypted Volumes.
[[0;32m  OK  [0m] Started ebtables ruleset management.
[[0;32m  OK  [0m] Started Flush Journal to Persistent Storage.
         Starting Create Volatile Files and Directories...
[[0;32m  OK  [0m] Started Create Volatile Files and Directories.
         Starting Update UTMP about System Boot/Shutdown...
[[0;32m  OK  [0m] Started Update UTMP about System Boot/Shutdown.
[[0;32m  OK  [0m] Started AppArmor initialization.
         Starting Load AppArmor profiles managed internally by snapd...
         Starting Initial cloud-init job (pre-networking)...
[[0;32m  OK  [0m] Started Load AppArmor profiles managed internally by snapd.
[   25.643650] cloud-init[661]: Cloud-init v. 20.3-2-g371b392c-0ubuntu1~18.04.1 running 'init-local' at Fri, 11 Dec 2020 01:20:33 +0000. Up 25.27 seconds.
[[0;32m  OK  [0m] Started Initial cloud-init job (pre-networking).
[[0;32m  OK  [0m] Reached target Network (Pre).
         Starting Network Service...
[[0;32m  OK  [0m] Started Network Service.
         Starting Wait for Network to be Configured...
         Starting Network Name Resolution...
[[0;32m  OK  [0m] Started Network Name Resolution.
[[0;32m  OK  [0m] Reached target Host and Network Name Lookups.
[[0;32m  OK  [0m] Reached target Network.
[[0;32m  OK  [0m] Started Wait for Network to be Configured.
         Starting Initial cloud-init job (metadata service crawler)...
[   28.300293] cloud-init[775]: Cloud-init v. 20.3-2-g371b392c-0ubuntu1~18.04.1 running 'init' at Fri, 11 Dec 2020 01:20:36 +0000. Up 28.20 seconds.
[   28.301344] cloud-init[775]: ci-info: ++++++++++++++++++++++++++++++++++++++Net device info++++++++++++++++++++++++++++++++++++++
[   28.322569] cloud-init[775]: ci-info: +--------+------+----------------------------+---------------+--------+-------------------+
[   28.323441] cloud-init[775]: ci-info: | Device |  Up  |          Address           |      Mask     | Scope  |     Hw-Address    |
[   28.344022] cloud-init[775]: ci-info: +--------+------+----------------------------+---------------+--------+-------------------+
[   28.344981] cloud-init[775]: ci-info: | enp0s3 | True |         10.0.2.15          | 255.255.255.0 | global | 02:1d:48:b0:d5:b9 |
[   28.345916] cloud-init[775]: ci-info: | enp0s3 | True | fe80::1d:48ff:feb0:d5b9/64 |       .       |  link  | 02:1d:48:b0:d5:b9 |
[   28.346884] cloud-init[775]: ci-info: |   lo   | True |         127.0.0.1          |   255.0.0.0   |  host  |         .         |
[   28.347803] cloud-init[775]: ci-info: |   lo   | True |          ::1/128           |       .       |  host  |         .         |
[   28.352321] cloud-init[775]: ci-info: +--------+------+----------------------------+---------------+--------+-------------------+
[   28.353129] cloud-init[775]: ci-info: ++++++++++++++++++++++++++++Route IPv4 info+++++++++++++++++++++++++++++
[   28.353822] cloud-init[775]: ci-info: +-------+-------------+----------+-----------------+-----------+-------+
[   28.354506] cloud-init[775]: ci-info: | Route | Destination | Gateway  |     Genmask     | Interface | Flags |
[   28.355183] cloud-init[775]: ci-info: +-------+-------------+----------+-----------------+-----------+-------+
[   28.355860] cloud-init[775]: ci-info: |   0   |   0.0.0.0   | 10.0.2.2 |     0.0.0.0     |   enp0s3  |   UG  |
[   28.356565] cloud-init[775]: ci-info: |   1   |   10.0.2.0  | 0.0.0.0  |  255.255.255.0  |   enp0s3  |   U   |
[   28.357243] cloud-init[775]: ci-info: |   2   |   10.0.2.2  | 0.0.0.0  | 255.255.255.255 |   enp0s3  |   UH  |
[   28.357920] cloud-init[775]: ci-info: +-------+-------------+----------+-----------------+-----------+-------+
[   28.358604] cloud-init[775]: ci-info: +++++++++++++++++++Route IPv6 info+++++++++++++++++++
[   28.359177] cloud-init[775]: ci-info: +-------+-------------+---------+-----------+-------+
[   28.359757] cloud-init[775]: ci-info: | Route | Destination | Gateway | Interface | Flags |
[   28.360339] cloud-init[775]: ci-info: +-------+-------------+---------+-----------+-------+
[   28.360909] cloud-init[775]: ci-info: |   1   |  fe80::/64  |    ::   |   enp0s3  |   U   |
[   28.361500] cloud-init[775]: ci-info: |   3   |    local    |    ::   |   enp0s3  |   U   |
[   28.362082] cloud-init[775]: ci-info: |   4   |   ff00::/8  |    ::   |   enp0s3  |   U   |
[   28.362674] cloud-init[775]: ci-info: +-------+-------------+---------+-----------+-------+
[[0;32m  OK  [0m] Started Initial cloud-init job (metadata service crawler).
[[0;32m  OK  [0m] Reached target Network is Online.
[[0;32m  OK  [0m] Reached target Remote File Systems (Pre).
[[0;32m  OK  [0m] Reached target Remote File Systems.
         Starting Availability of block devices...
[[0;32m  OK  [0m] Reached target Cloud-config availability.
[[0;32m  OK  [0m] Reached target System Initialization.
[[0;32m  OK  [0m] Listening on ACPID Listen Socket.
[[0;32m  OK  [0m] Started Daily apt download activities.
[[0;32m  OK  [0m] Started Daily apt upgrade and clean activities.
[[0;32m  OK  [0m] Started Discard unused blocks once a week.
[[0;32m  OK  [0m] Started Daily Cleanup of Temporary Directories.
         Starting LXD - unix socket.
[[0;32m  OK  [0m] Started ACPI Events Check.
[[0;32m  OK  [0m] Reached target Paths.
[[0;32m  OK  [0m] Listening on D-Bus System Message Bus Socket.
[[0;32m  OK  [0m] Listening on UUID daemon activation socket.
         Starting Socket activation for snappy daemon.
[[0;32m  OK  [0m] Listening on Open-iSCSI iscsid Socket.
[[0;32m  OK  [0m] Started Message of the Day.
[[0;32m  OK  [0m] Reached target Timers.
[[0;32m  OK  [0m] Started Availability of block devices.
[[0;32m  OK  [0m] Listening on LXD - unix socket.
[[0;32m  OK  [0m] Listening on Socket activation for snappy daemon.
[[0;32m  OK  [0m] Reached target Sockets.
[[0;32m  OK  [0m] Reached target Basic System.
         Starting Permit User Sessions...
         Starting Dispatcher daemon for systemd-networkd...
[[0;32m  OK  [0m] Started Deferred execution scheduler.
[[0;32m  OK  [0m] Started Regular background program processing daemon.
[[0;32m  OK  [0m] Started FUSE filesystem for LXC.
[[0;32m  OK  [0m] Started D-Bus System Message Bus.
         Starting Virtualbox guest utils...
[[0;32m  OK  [0m] Started irqbalance daemon.
         Starting Accounts Service...
         Starting LSB: automatic crash report generation...
         Starting Login Service...
         Starting LSB: Record successful boot for GRUB...
         Starting Snap Daemon...
         Starting System Logging Service...
         Starting OpenBSD Secure Shell server...
         Starting LXD - container startup/shutdown...
[[0;32m  OK  [0m] Started System Logging Service.
[[0;32m  OK  [0m] Started Dispatcher daemon for systemd-networkd.
[[0;32m  OK  [0m] Started Permit User Sessions.
[[0;32m  OK  [0m] Started Login Service.
[[0;32m  OK  [0m] Started OpenBSD Secure Shell server.
[[0;32m  OK  [0m] Started Unattended Upgrades Shutdown.
         Starting Authorization Manager...
         Starting Hold until boot process finishes up...
         Starting Terminate Plymouth Boot Screen...
[[0;32m  OK  [0m] Started Hold until boot process finishes up.
[[0;32m  OK  [0m] Started Serial Getty on ttyS0.
         Starting Set console scheme...
[[0;32m  OK  [0m] Started Terminate Plymouth Boot Screen.
[[0;32m  OK  [0m] Started Authorization Manager.
[[0;32m  OK  [0m] Started Accounts Service.
[[0;32m  OK  [0m] Started Set console scheme.
[[0;32m  OK  [0m] Created slice system-getty.slice.
[[0;32m  OK  [0m] Started Getty on tty1.
[[0;32m  OK  [0m] Reached target Login Prompts.
[[0;32m  OK  [0m] Started LSB: automatic crash report generation.
[[0;32m  OK  [0m] Started LSB: Record successful boot for GRUB.
[[0;32m  OK  [0m] Started Virtualbox guest utils.
[[0;32m  OK  [0m] Created slice User Slice of vagrant.
         Starting User Manager for UID 1000...
[[0;32m  OK  [0m] Started Session 1 of user vagrant.
[[0;32m  OK  [0m] Started LXD - container startup/shutdown.
[[0;32m  OK  [0m] Started User Manager for UID 1000.
[[0;32m  OK  [0m] Started Snap Daemon.
         Starting Wait until snapd is fully seeded...
[[0;32m  OK  [0m] Started Wait until snapd is fully seeded.
[[0;32m  OK  [0m] Reached target Multi-User System.
[[0;32m  OK  [0m] Reached target Graphical Interface.
         Starting Update UTMP about System Runlevel Changes...
         Starting Apply the settings specified in cloud-config...
[[0;32m  OK  [0m] Started Update UTMP about System Runlevel Changes.
[   30.151566] cloud-init[1336]: Cloud-init v. 20.3-2-g371b392c-0ubuntu1~18.04.1 running 'modules:config' at Fri, 11 Dec 2020 01:20:37 +0000. Up 29.95 seconds.
[[0;32m  OK  [0m] Started Apply the settings specified in cloud-config.
         Starting Execute cloud user/final scripts...
[   30.573015] cloud-init[1395]: Cloud-init v. 20.3-2-g371b392c-0ubuntu1~18.04.1 running 'modules:final' at Fri, 11 Dec 2020 01:20:38 +0000. Up 30.46 seconds.
[[0;32m  OK  [0m] Started Execute cloud user/final scripts.
[   30.685557] cloud-init[1395]: Cloud-init v. 20.3-2-g371b392c-0ubuntu1~18.04.1 finished at Fri, 11 Dec 2020 01:20:38 +0000. Datasource DataSourceNoCloud [seed=/dev/sdb][dsmode=net].  Up 30.56 seconds
[[0;32m  OK  [0m] Reached target Cloud-init target.

Ubuntu 18.04.5 LTS ubuntu-bionic ttyS0

ubuntu-bionic login:      n         Stopping LSB: automatic crash report generation...
         Stopping FUSE filesystem for LXC...
         Stopping Dispatcher daemon for systemd-networkd...
         Stopping System Logging Service...
         Stopping irqbalance daemon...
         Stopping OpenBSD Secure Shell server...
         Stopping LSB: Record successful boot for GRUB...
         Stopping User Manager for UID 1000...
[[0;32m  OK  [0m] Stopped Apply the settings specified in cloud-config.
[[0;32m  OK  [0m] Stopped Wait until snapd is fully seeded.
[[0;32m  OK  [0m] Stopped target Network is Online.
[[0;32m  OK  [0m] Stopped target Cloud-config availability.
         Stopping Authorization Manager...
[[0;32m  OK  [0m] Stopped target Host and Network Name Lookups.
[[0;32m  OK  [0m] Stopped Daily Cleanup of Temporary Directories.
         Stopping Availability of block devices...
         Stopping Virtualbox guest utils...
         Stopping LXD - container startup/shutdown...
         Stopping Unattended Upgrades Shutdown...
[[0;32m  OK  [0m] Stopped target System Time Synchronized.
         Stopping Getty on tty1...
         Stopping D-Bus System Message Bus...
         Stopping Deferred execution scheduler...
[[0;32m  OK  [0m] Unmounted /var/lib/lxcfs.
[[0;32m  OK  [0m] Stopped Dispatcher daemon for systemd-networkd.
[[0;32m  OK  [0m] Stopped Deferred execution scheduler.
[[0;32m  OK  [0m] Stopped Regular background program processing daemon.
[[0;32m  OK  [0m] Stopped irqbalance daemon.
[[0;32m  OK  [0m] Stopped Accounts Service.
[[0;32m  OK  [0m] Stopped System Logging Service.
[[0;32m  OK  [0m] Stopped OpenBSD Secure Shell server.
[[0;32m  OK  [0m] Stopped Serial Getty on ttyS0.
[[0;32m  OK  [0m] Stopped User Manager for UID 1000.
[[0;32m  OK  [0m] Stopped D-Bus System Message Bus.
[[0;32m  OK  [0m] Stopped Session 6 of user vagrant.
[[0;32m  OK  [0m] Stopped Getty on tty1.
[[0;32m  OK  [0m] Stopped Unattended Upgrades Shutdown.
[[0;32m  OK  [0m] Stopped Authorization Manager.
[[0;32m  OK  [0m] Stopped FUSE filesystem for LXC.
[[0;32m  OK  [0m] Stopped Availability of block devices.
[[0;32m  OK  [0m] Stopped LXD - container startup/shutdown.
[[0;32m  OK  [0m] Stopped LSB: Record successful boot for GRUB.
[[0;32m  OK  [0m] Removed slice system-getty.slice.
[[0;32m  OK  [0m] Removed slice User Slice of vagrant.
         Stopping Login Service...
[[0;32m  OK  [0m] Removed slice system-serial\x2dgetty.slice.
         Stopping Permit User Sessions...
[[0;32m  OK  [0m] Stopped Virtualbox guest utils.
[[0;32m  OK  [0m] Stopped Permit User Sessions.
[[0;32m  OK  [0m] Stopped LSB: automatic crash report generation.
[[0;32m  OK  [0m] Stopped target Network.
         Stopping Network Name Resolution...
[[0;32m  OK  [0m] Stopped target Remote File Systems.
[[0;32m  OK  [0m] Stopped target Remote File Systems (Pre).
[[0;32m  OK  [0m] Stopped Network Name Resolution.
[[0;32m  OK  [0m] Stopped Login Service.
[[0;32m  OK  [0m] Stopped target User and Group Name Lookups.
[[0;32m  OK  [0m] Stopped target Basic System.
[[0;32m  OK  [0m] Stopped target Slices.
[[0;32m  OK  [0m] Stopped target Paths.
[[0;32m  OK  [0m] Stopped ACPI Events Check.
[[0;32m  OK  [0m] Stopped target Sockets.
[[0;32m  OK  [0m] Closed LXD - unix socket.
[[0;32m  OK  [0m] Closed Syslog Socket.
[[0;32m  OK  [0m] Closed UUID daemon activation socket.
[[0;32m  OK  [0m] Closed ACPID Listen Socket.
[[0;32m  OK  [0m] Closed Socket activation for snappy daemon.
[[0;32m  OK  [0m] Closed D-Bus System Message Bus Socket.
[[0;32m  OK  [0m] Closed Open-iSCSI iscsid Socket.
[[0;32m  OK  [0m] Stopped target System Initialization.
         Stopping Load/Save Random Seed...
[[0;32m  OK  [0m] Stopped Initial cloud-init job (metadata service crawler).
[[0;32m  OK  [0m] Stopped Wait for Network to be Configured.
         Stopping Network Service...
         Stopping Update UTMP about System Boot/Shutdown...
[[0;32m  OK  [0m] Stopped target Local Encrypted Volumes.
[[0;32m  OK  [0m] Stopped Dispatch Password Requests to Console Directory Watch.
[[0;32m  OK  [0m] Stopped Forward Password Requests to Wall Directory Watch.
[[0;32m  OK  [0m] Removed slice User and Session Slice.
[[0;32m  OK  [0m] Stopped Load/Save Random Seed.
[[0;32m  OK  [0m] Stopped Update UTMP about System Boot/Shutdown.
[[0;32m  OK  [0m] Stopped Create Volatile Files and Directories.
[[0;32m  OK  [0m] Stopped target Local File Systems.
         Unmounting /run/user/1000...
         Unmounting /vagrant...
[[0;32m  OK  [0m] Unmounted /run/user/1000.
[[0;32m  OK  [0m] Unmounted /vagrant.
[[0;32m  OK  [0m] Reached target Unmount All Filesystems.
[[0;32m  OK  [0m] Stopped target Local File Systems (Pre).
         Stopping Monitoring of LVM2 mirrorsâ€¦ng dmeventd or progress polling...
[[0;32m  OK  [0m] Stopped Create Static Device Nodes in /dev.
[[0;32m  OK  [0m] Stopped target Swap.
[[0;32m  OK  [0m] Stopped Network Service.
[[0;32m  OK  [0m] Stopped Monitoring of LVM2 mirrors,â€¦sing dmeventd or progress polling.
         Stopping LVM2 metadata daemon...
[[0;32m  OK  [0m] Stopped Apply Kernel Variables.
[[0;32m  OK  [0m] Stopped Load Kernel Modules.
[[0;32m  OK  [0m] Stopped target Network (Pre).
[[0;32m  OK  [0m] Stopped Initial cloud-init job (pre-networking).
[[0;32m  OK  [0m] Stopped Remount Root and Kernel File Systems.
[[0;32m  OK  [0m] Reached target Shutdown.
[[0;32m  OK  [0m] Reached target Final Step.
         Starting Power-Off...
[[0;32m  OK  [0m] Stopped LVM2 metadata daemon.
[  480.623464] reboot: Power down
